<?xml version="1.0" encoding="utf-8"?>
<?AutomationStudio Version=3.0?>
<Transfer xmlns="http://br-automation.co.at/AS/Transfer">
  <OperatingSystem Version="J4.93"/>
  <Hardware Target="SG4"/>
  <Operation Delete="EPLCom.br"/>
  <Operation Delete="Alarms.br"/>
  <Operation Delete="HMI.br"/>
  <Operation Delete="HS_Inp_Doc.br"/>
  <Operation Delete="Vis.br"/>
  <Operation Delete="LoopConR.br"/>
  <Operation Delete="vccshape.br"/>
  <Operation Delete="vcclbox.br"/>
  <Operation Delete="vclibvc.br"/>
  <Operation Delete="visvc.br"/>
  <Operation Delete="vccline.br"/>
  <Operation Delete="vcpkat.br"/>
  <Operation Delete="vcpfppc7.br"/>
  <Operation Delete="vccstr.br"/>
  <Operation Delete="vccalarm.br"/>
  <Operation Delete="vccovl.br"/>
  <Operation Delete="vcpdsw.br"/>
  <Operation Delete="vccnum.br"/>
  <Operation Delete="vcalarm.br"/>
  <Operation Delete="vcptelo.br"/>
  <Operation Delete="vccdt.br"/>
  <Operation Delete="vccslider.br"/>
  <Operation Delete="vccbtn.br"/>
  <Operation Delete="vcfile.br"/>
  <Operation Delete="vccbmp.br"/>
  <Operation Delete="vcpk.br"/>
  <Operation Delete="vcrt.br"/>
  <Operation Delete="vctcal.br"/>
  <Operation Delete="vcfntttf.br"/>
  <Operation Delete="vcbclass.br"/>
  <Operation Delete="vcdsloc.br"/>
  <Operation Delete="vcdsint.br"/>
  <Operation Delete="vcmgr.br"/>
  <Operation Delete="vcctext.br"/>
  <Operation Delete="AsEPL.br"/>
  <Operation Delete="LoopCont.br"/>
  <Operation Delete="asieccon.br"/>
  <Operation Delete="vcshared.br"/>
  <Operation Delete="arial.br"/>
  <Operation Delete="arialbd.br"/>
  <Operation Delete="Vis03.br"/>
  <Operation Delete="Vis02.br"/>
  <Operation Delete="Vis01.br"/>
  <Operation Delete="vclib.br"/>
  <Operation Delete="dataobj.br"/>
  <Operation Delete="vcgclass.br"/>
  <Operation Delete="Acp10sim.br"/>
  <Operation Delete="Acp10_MC.br"/>
  <Operation Delete="vcpdvnc.br"/>
  <Operation Delete="vcpdihd.br"/>
  <Operation Delete="vcpdi815.br"/>
  <Operation Delete="vcpdi855.br"/>
  <Operation Delete="Acp10man.br"/>
  <Operation Delete="fileio.br"/>
  <Operation Delete="astime.br"/>
  <Operation Delete="sys_lib.br"/>
  <Operation Delete="brsystem.br"/>
  <Operation Delete="vcnet.br"/>
  <Operation Download="ashwd.br" Memory="SystemROM"/>
  <Operation Download="asfw.br" Memory="SystemROM"/>
  <Operation Download="arconfig.br" Memory="SystemROM"/>
  <Operation Download="sysconf.br" Memory="SystemROM"/>
  <Operation Restart="warm"/>
  <Operation Download="acp10cfg.br" Memory="UserROM"/>
  <Operation Download="Acp10map.br" Memory="UserROM"/>
  <Operation Download="NcGlobal.br" Memory="UserROM"/>
  <Operation Download="vcresman.br" Memory="UserROM"/>
  <Operation Download="vcnet.br" Memory="UserROM"/>
  <Operation Download="powerlnk.br" Memory="UserROM"/>
  <Operation Download="Acp10par.br" Memory="UserROM"/>
  <Operation Download="runtime.br" Memory="UserROM"/>
  <Operation Download="brsystem.br" Memory="UserROM"/>
  <Operation Download="sys_lib.br" Memory="UserROM"/>
  <Operation Download="astime.br" Memory="UserROM"/>
  <Operation Download="fileio.br" Memory="UserROM"/>
  <Operation Download="Acp10man.br" Memory="UserROM"/>
  <Operation Download="vcpdi855.br" Memory="UserROM"/>
  <Operation Download="vcpdi815.br" Memory="UserROM"/>
  <Operation Download="vcpdihd.br" Memory="UserROM"/>
  <Operation Download="vcpdvnc.br" Memory="UserROM"/>
  <Operation Download="Acp10_MC.br" Memory="UserROM"/>
  <Operation Download="Acp10sim.br" Memory="UserROM"/>
  <Operation Download="Acp10sys.br" Memory="UserROM"/>
  <Operation Restart="warm"/>
  <Operation Download="visapi.br" Memory="UserROM"/>
  <Operation Download="vcgclass.br" Memory="UserROM"/>
  <Operation Download="dataobj.br" Memory="UserROM"/>
  <Operation Download="vclib.br" Memory="UserROM"/>
  <Operation Download="Vis01.br" Memory="UserROM"/>
  <Operation Download="Vis02.br" Memory="UserROM"/>
  <Operation Download="Vis03.br" Memory="UserROM"/>
  <Operation Download="arialbd.br" Memory="UserROM"/>
  <Operation Download="arial.br" Memory="UserROM"/>
  <Operation Download="vcshared.br" Memory="UserROM"/>
  <Operation Download="asieccon.br" Memory="UserROM"/>
  <Operation Download="standard.br" Memory="UserROM"/>
  <Operation Download="LoopCont.br" Memory="UserROM"/>
  <Operation Download="AsEPL.br" Memory="UserROM"/>
  <Operation Download="udbdef.br" Memory="UserROM"/>
  <Operation Download="FWRules.br" Memory="UserROM"/>
  <Operation Download="TCData.br" Memory="SystemROM"/>
  <Operation Download="vcctext.br" Memory="UserROM"/>
  <Operation Download="vcmgr.br" Memory="UserROM"/>
  <Operation Download="vcdsint.br" Memory="UserROM"/>
  <Operation Download="vcdsloc.br" Memory="UserROM"/>
  <Operation Download="vcbclass.br" Memory="UserROM"/>
  <Operation Download="vcfntttf.br" Memory="UserROM"/>
  <Operation Download="vctcal.br" Memory="UserROM"/>
  <Operation Download="vcrt.br" Memory="UserROM"/>
  <Operation Download="vcpk.br" Memory="UserROM"/>
  <Operation Download="vccbmp.br" Memory="UserROM"/>
  <Operation Download="vcfile.br" Memory="UserROM"/>
  <Operation Download="vccbtn.br" Memory="UserROM"/>
  <Operation Download="vccslider.br" Memory="UserROM"/>
  <Operation Download="vccdt.br" Memory="UserROM"/>
  <Operation Download="vcptelo.br" Memory="UserROM"/>
  <Operation Download="vcalarm.br" Memory="UserROM"/>
  <Operation Download="vccnum.br" Memory="UserROM"/>
  <Operation Download="vcpdsw.br" Memory="UserROM"/>
  <Operation Download="vccovl.br" Memory="UserROM"/>
  <Operation Download="vccalarm.br" Memory="UserROM"/>
  <Operation Download="vccstr.br" Memory="UserROM"/>
  <Operation Download="vcpfppc7.br" Memory="UserROM"/>
  <Operation Download="vcpkat.br" Memory="UserROM"/>
  <Operation Download="vccline.br" Memory="UserROM"/>
  <Operation Download="visvc.br" Memory="UserROM"/>
  <Operation Download="vclibvc.br" Memory="UserROM"/>
  <Operation Download="vcclbox.br" Memory="UserROM"/>
  <Operation Download="vccshape.br" Memory="UserROM"/>
  <Operation Download="User.br" Memory="UserROM"/>
  <Operation Download="iomap.br" Memory="UserROM"/>
  <Operation Download="ashwac.br" Memory="UserROM"/>
  <Operation Download="Role.br" Memory="UserROM"/>
  <Operation Download="LoopConR.br" Memory="UserROM"/>
  <Operation Download="AsBrMath.br" Memory="UserROM"/>
  <Operation Download="asstring.br" Memory="UserROM"/>
  <Operation Download="Vis.br" Memory="UserROM"/>
  <Operation Download="HS_Inp_Doc.br" Memory="UserROM"/>
  <Operation Download="HMI.br" Memory="UserROM"/>
  <Operation Download="Alarms.br" Memory="UserROM"/>
  <Operation Download="EPLCom.br" Memory="UserROM"/>
</Transfer>