D:\Projects\AS4\Tension Control\Doctor\Logical\Global.typ
D:\Projects\AS4\Tension Control\Doctor\Logical\Global.var
D:\Projects\AS4\Tension Control\Doctor\Logical\Libraries\operator\operator.fun
D:\Projects\AS4\Tension Control\Doctor\Logical\Libraries\operator\operator.typ
D:\Projects\AS4\Tension Control\Doctor\Logical\Libraries\operator\operator.var
D:\Projects\AS4\Tension Control\Doctor\Logical\Libraries\runtime\runtime.fun
D:\Projects\AS4\Tension Control\Doctor\Logical\Libraries\runtime\runtime.typ
D:\Projects\AS4\Tension Control\Doctor\Logical\Libraries\runtime\runtime.var
D:\Projects\AS4\Tension Control\Doctor\Logical\Libraries\astime\astime.fun
D:\Projects\AS4\Tension Control\Doctor\Logical\Libraries\astime\astime.typ
D:\Projects\AS4\Tension Control\Doctor\Logical\Libraries\astime\astime.var
D:\Projects\AS4\Tension Control\Doctor\Logical\Libraries\AsIecCon\AsIecCon.fun
D:\Projects\AS4\Tension Control\Doctor\Logical\Libraries\AsIecCon\AsIecCon.typ
D:\Projects\AS4\Tension Control\Doctor\Logical\Libraries\AsIecCon\AsIecCon.var
D:\Projects\AS4\Tension Control\Doctor\Logical\Libraries\brsystem\brsystem.fun
D:\Projects\AS4\Tension Control\Doctor\Logical\Libraries\brsystem\brsystem.typ
D:\Projects\AS4\Tension Control\Doctor\Logical\Libraries\brsystem\brsystem.var
D:\Projects\AS4\Tension Control\Doctor\Logical\Libraries\sys_lib\sys_lib.fun
D:\Projects\AS4\Tension Control\Doctor\Logical\Libraries\sys_lib\sys_lib.typ
D:\Projects\AS4\Tension Control\Doctor\Logical\Libraries\sys_lib\sys_lib.var
D:\Projects\AS4\Tension Control\Doctor\Logical\Libraries\AsBrMath\AsBrMath.fun
D:\Projects\AS4\Tension Control\Doctor\Logical\Libraries\AsBrMath\AsBrMath.typ
D:\Projects\AS4\Tension Control\Doctor\Logical\Libraries\AsBrMath\AsBrMath.var
D:\Projects\AS4\Tension Control\Doctor\Logical\Libraries\LoopConR\LoopConR.var
D:\Projects\AS4\Tension Control\Doctor\Logical\Libraries\LoopConR\LoopConR.typ
D:\Projects\AS4\Tension Control\Doctor\Logical\Libraries\LoopConR\LoopConR.fun
D:\Projects\AS4\Tension Control\Doctor\Logical\Libraries\LoopCont\LoopCont.var
D:\Projects\AS4\Tension Control\Doctor\Logical\Libraries\LoopCont\LoopCont.typ
D:\Projects\AS4\Tension Control\Doctor\Logical\Libraries\LoopCont\LoopCont.fun
D:\Projects\AS4\Tension Control\Doctor\Logical\Libraries\Acp10_MC\acp10_mc.fun
D:\Projects\AS4\Tension Control\Doctor\Logical\Libraries\Acp10_MC\acp10_mc.typ
D:\Projects\AS4\Tension Control\Doctor\Logical\Libraries\Acp10_MC\acp10_mc.var
D:\Projects\AS4\Tension Control\Doctor\Logical\Libraries\Acp10man\Acp10man.typ
D:\Projects\AS4\Tension Control\Doctor\Logical\Libraries\Acp10par\Acp10par.var
D:\Projects\AS4\Tension Control\Doctor\Logical\Libraries\NcGlobal\NcGlobal.fun
D:\Projects\AS4\Tension Control\Doctor\Logical\Libraries\NcGlobal\NcGlobal.typ
D:\Projects\AS4\Tension Control\Doctor\Logical\Libraries\NcGlobal\NcGlobal.var
D:\Projects\AS4\Tension Control\Doctor\Logical\Libraries\Acp10sim\acp10sim.var
D:\Projects\AS4\Tension Control\Doctor\Logical\Libraries\Acp10sim\acp10sim.typ
D:\Projects\AS4\Tension Control\Doctor\Logical\Libraries\asstring\asstring.fun
D:\Projects\AS4\Tension Control\Doctor\Logical\Libraries\asstring\asstring.typ
D:\Projects\AS4\Tension Control\Doctor\Logical\Libraries\asstring\asstring.var
D:\Projects\AS4\Tension Control\Doctor\Logical\Libraries\standard\standard.fun
D:\Projects\AS4\Tension Control\Doctor\Logical\Libraries\standard\standard.typ
D:\Projects\AS4\Tension Control\Doctor\Logical\Libraries\standard\standard.var
D:\Projects\AS4\Tension Control\Doctor\Logical\Libraries\vclib\VCLIB.typ
D:\Projects\AS4\Tension Control\Doctor\Logical\Libraries\vclib\VCLIB.fun
D:\Projects\AS4\Tension Control\Doctor\Logical\Libraries\vclib\VCLIB.var
D:\Projects\AS4\Tension Control\Doctor\Logical\Libraries\visapi\Visapi.typ
D:\Projects\AS4\Tension Control\Doctor\Logical\Libraries\visapi\Visapi.fun
D:\Projects\AS4\Tension Control\Doctor\Logical\Libraries\visapi\Visapi.var
D:\Projects\AS4\Tension Control\Doctor\Logical\Libraries\AsEPL\AsEPL.fun
D:\Projects\AS4\Tension Control\Doctor\Logical\Libraries\AsEPL\AsEPL.typ
D:\Projects\AS4\Tension Control\Doctor\Logical\Libraries\AsEPL\AsEPL.var
